// Jest Snapshot v1, https://goo.gl/fbAQLP

exports[`selectors/channels .getSearchChannels returns the search channels when available 1`] = `
Array [
  Object {
    "name": "foo",
  },
  Object {
    "name": "bar",
  },
]
`;
