// Jest Snapshot v1, https://goo.gl/fbAQLP

exports[`normalizers/channels .normalizeSearchChannels normalizes the payload 1`] = `
Object {
  "entities": Object {
    "channels": Object {
      "day9": Object {
        "game": null,
        "id": "day9",
        "image": null,
        "name": "day9",
        "status": null,
      },
      "day9daily": Object {
        "game": null,
        "id": "day9daily",
        "image": "https://static-cdn.jtvnw.net/jtv_user_pictures/day9daily-profile_image-14e040a6b9a079be-300x300.jpeg",
        "name": "day9daily",
        "status": "LIVE from my iPhone 4!",
      },
      "day9tv": Object {
        "game": "Dota 2",
        "id": "day9tv",
        "image": "https://static-cdn.jtvnw.net/jtv_user_pictures/day9tv-profile_image-2226c4b27aaf487a-300x300.png",
        "name": "Day9tv",
        "status": "10v10 DayKnight Festival!  Play Games w/ us!  discord.gg/day9tv",
      },
      "deaths_day98": Object {
        "game": "Battlefield Hardline",
        "id": "deaths_day98",
        "image": null,
        "name": "Deaths_day98",
        "status": "BFH with friends",
      },
    },
  },
  "result": Array [
    "day9tv",
    "day9",
    "day9daily",
    "deaths_day98",
  ],
}
`;
