// Jest Snapshot v1, https://goo.gl/fbAQLP

exports[`normalizers/games .normalizeSearchGames normalizes the payload 1`] = `
Object {
  "entities": Object {
    "games": Object {
      "SC2VN": Object {
        "id": "SC2VN",
        "image": "https://static-cdn.jtvnw.net/ttv-boxart/SC2VN-{width}x{height}.jpg",
        "name": "SC2VN",
      },
      "StarCraft": Object {
        "id": "StarCraft",
        "image": "https://static-cdn.jtvnw.net/ttv-boxart/StarCraft-{width}x{height}.jpg",
        "name": "StarCraft",
      },
      "StarCraft Ghost": Object {
        "id": "StarCraft Ghost",
        "image": "https://static-cdn.jtvnw.net/ttv-boxart/StarCraft%20Ghost-{width}x{height}.jpg",
        "name": "StarCraft Ghost",
      },
      "StarCraft II": Object {
        "id": "StarCraft II",
        "image": "https://static-cdn.jtvnw.net/ttv-boxart/StarCraft%20II-{width}x{height}.jpg",
        "name": "StarCraft II",
      },
      "StarCraft: Brood War": Object {
        "id": "StarCraft: Brood War",
        "image": "https://static-cdn.jtvnw.net/ttv-boxart/StarCraft:%20Brood%20War-{width}x{height}.jpg",
        "name": "StarCraft: Brood War",
      },
      "StarCraft: Retribution": Object {
        "id": "StarCraft: Retribution",
        "image": "https://static-cdn.jtvnw.net/ttv-boxart/StarCraft:%20Retribution-{width}x{height}.jpg",
        "name": "StarCraft: Retribution",
      },
    },
  },
  "result": Array [
    "StarCraft II",
    "StarCraft: Brood War",
    "StarCraft",
    "SC2VN",
    "StarCraft: Retribution",
    "StarCraft Ghost",
  ],
}
`;

exports[`normalizers/games .normalizeTopGames normalizes the payload 1`] = `
Object {
  "entities": Object {
    "games": Object {
      "Counter-Strike: Global Offensive": Object {
        "channels": 758,
        "id": "Counter-Strike: Global Offensive",
        "image": "https://static-cdn.jtvnw.net/ttv-boxart/Counter-Strike:%20Global%20Offensive-{width}x{height}.jpg",
        "name": "Counter-Strike: Global Offensive",
        "viewers": 393419,
      },
      "Hearthstone": Object {
        "channels": 280,
        "id": "Hearthstone",
        "image": "https://static-cdn.jtvnw.net/ttv-boxart/Hearthstone-{width}x{height}.jpg",
        "name": "Hearthstone",
        "viewers": 38773,
      },
      "League of Legends": Object {
        "channels": 1818,
        "id": "League of Legends",
        "image": "https://static-cdn.jtvnw.net/ttv-boxart/League%20of%20Legends-{width}x{height}.jpg",
        "name": "League of Legends",
        "viewers": 121668,
      },
      "PLAYERUNKNOWN'S BATTLEGROUNDS": Object {
        "channels": 1943,
        "id": "PLAYERUNKNOWN'S BATTLEGROUNDS",
        "image": "https://static-cdn.jtvnw.net/ttv-boxart/PLAYERUNKNOWN%27S%20BATTLEGROUNDS-{width}x{height}.jpg",
        "name": "PLAYERUNKNOWN'S BATTLEGROUNDS",
        "viewers": 76787,
      },
    },
  },
  "result": Array [
    "Counter-Strike: Global Offensive",
    "League of Legends",
    "PLAYERUNKNOWN'S BATTLEGROUNDS",
    "Hearthstone",
  ],
}
`;
