// Jest Snapshot v1, https://goo.gl/fbAQLP

exports[`GridCell renders 1`] = `
.c3 {
  display: block;
  width: 100%;
  height: auto;
}

.c4 {
  display: none;
  width: 100%;
  height: auto;
}

.c1 {
  display: block;
  overflow: hidden;
  -webkit-flex: 1;
  -ms-flex: 1;
  flex: 1;
  padding: 10px;
  color: inherit;
  text-decoration: none;
}

.c1:hover {
  color: #6441a4;
}

.c2 {
  padding: 1px;
}

.c0:hover .c2 {
  border: 3px solid;
  margin: -3px;
}

.c5 {
  margin: 5px 0 0;
  font-size: 16px;
  font-weight: normal;
  overflow: hidden;
  text-overflow: ellipsis;
  white-space: nowrap;
}

.c6 {
  margin: 0;
  font-size: 13px;
  overflow: hidden;
  text-overflow: ellipsis;
  white-space: nowrap;
}

<a
  className="c0 c1"
  href="/games/488552"
>
  <div
    className="c2"
  >
    <div>
      <img
        alt=""
        className="c3"
        hidden={false}
        src="data:image/svg+xml;utf8,<svg viewBox=\\"0 0 272 380\\" xmlns=\\"http://www.w3.org/2000/svg\\"><rect fill=\\"#6441a4\\" width=\\"100%\\" height=\\"100%\\" /></svg>"
      />
      <img
        alt=""
        className="c4"
        hidden={true}
        onLoad={[Function]}
        src="//lorempixel.com/272/380/"
      />
    </div>
  </div>
  <h3
    className="c5"
  >
    Overwatch
  </h3>
  <p
    className="c6"
  >
    41343
     viewers
  </p>
</a>
`;
