// Jest Snapshot v1, https://goo.gl/fbAQLP

exports[`LazilyLoad renders a spinner 1`] = `
.c0 {
  position: relative;
  -webkit-animation: iECmZH 1s infinite ease-in-out;
  animation: iECmZH 1s infinite ease-in-out;
  border-color: rgba(100,65,164,0.5);
  border-style: solid;
  border-top-color: #6441a4;
  border-width: 10px;
  text-indent: -9999px;
  -webkit-transform: translateZ(0);
  -ms-transform: translateZ(0);
  transform: translateZ(0);
}

.c0,
.c0::after {
  width: 50px;
  height: 50px;
  border-radius: 50%;
}

<div
  className="c0"
>
  Loading...
</div>
`;

exports[`LazilyLoad renders the real component once loaded 1`] = `
<div>
  OHAI
</div>
`;
