// Jest Snapshot v1, https://goo.gl/fbAQLP

exports[`Main renders 1`] = `
.c0 {
  margin-left: 50px;
}

*[dir='rtl'] .c0 {
  margin-right: 50px;
  margin-left: auto;
}

<main
  className="c0"
/>
`;
