// Jest Snapshot v1, https://goo.gl/fbAQLP

exports[`NavigationLogo renders 1`] = `
.c2 {
  display: block;
  width: 50px;
  height: 50px;
  -webkit-flex: 0 0 auto;
  -ms-flex: 0 0 auto;
  flex: 0 0 auto;
  padding: 10px;
}

.c3 {
  display: block;
  width: 100%;
}

.c1 {
  display: -webkit-box;
  display: -webkit-flex;
  display: -ms-flexbox;
  display: flex;
  -webkit-flex: 1;
  -ms-flex: 1;
  flex: 1;
  -webkit-align-items: center;
  -webkit-box-align: center;
  -ms-flex-align: center;
  align-items: center;
}

.c0 {
  margin: 0;
  background-color: #4b367c;
}

<h1
  className="c0"
>
  <div
    className="c1"
  >
    <span
      className="c2"
    >
      <img
        alt="Twitch"
        className="c3"
        src="file-mock"
      />
    </span>
  </div>
</h1>
`;
