// Jest Snapshot v1, https://goo.gl/fbAQLP

exports[`Navigation renders 1`] = `
<Navigation__NavigationRoot>
  <NavigationLogo />
  <NavigationLinks />
</Navigation__NavigationRoot>
`;
