// Jest Snapshot v1, https://goo.gl/fbAQLP

exports[`NavigationLinks renders 1`] = `
.c4 {
  display: block;
  width: 50px;
  height: 50px;
  -webkit-flex: 0 0 auto;
  -ms-flex: 0 0 auto;
  flex: 0 0 auto;
  padding: 10px;
}

.c5 {
  display: block;
  width: 100%;
}

.c3 {
  display: -webkit-box;
  display: -webkit-flex;
  display: -ms-flexbox;
  display: flex;
  -webkit-flex: 1;
  -ms-flex: 1;
  flex: 1;
  -webkit-align-items: center;
  -webkit-box-align: center;
  -ms-flex-align: center;
  align-items: center;
}

.c6 {
  -webkit-flex: 1;
  -ms-flex: 1;
  flex: 1;
  margin: 0 10px;
}

.c1 {
  display: block;
}

.c2 {
  display: block;
  color: #fff;
  text-decoration: none;
}

.c2:hover {
  background-color: #392e5c;
}

.c0 {
  display: -webkit-box;
  display: -webkit-flex;
  display: -ms-flexbox;
  display: flex;
  -webkit-flex-direction: column;
  -ms-flex-direction: column;
  flex-direction: column;
  padding: 0;
  margin: 0;
  list-style: none;
}

<ul
  className="c0"
>
  <li
    className="c1"
  >
    <a
      className="c2"
      href="/"
    >
      <div
        className="c3"
      >
        <span
          className="c4"
        >
          <img
            alt=""
            className="c5"
            src="file-mock"
          />
        </span>
        <span
          className="c6"
        >
          Home
        </span>
      </div>
    </a>
  </li>
  <li
    className="c1"
  >
    <a
      className="c2"
      href="/streams"
    >
      <div
        className="c3"
      >
        <span
          className="c4"
        >
          <img
            alt=""
            className="c5"
            src="file-mock"
          />
        </span>
        <span
          className="c6"
        >
          Streams
        </span>
      </div>
    </a>
  </li>
  <li
    className="c1"
  >
    <a
      className="c2"
      href="/games"
    >
      <div
        className="c3"
      >
        <span
          className="c4"
        >
          <img
            alt=""
            className="c5"
            src="file-mock"
          />
        </span>
        <span
          className="c6"
        >
          Games
        </span>
      </div>
    </a>
  </li>
  <li
    className="c1"
  >
    <a
      className="c2"
      href="/communities"
    >
      <div
        className="c3"
      >
        <span
          className="c4"
        >
          <img
            alt=""
            className="c5"
            src="file-mock"
          />
        </span>
        <span
          className="c6"
        >
          Communities
        </span>
      </div>
    </a>
  </li>
  <li
    className="c1"
  >
    <a
      className="c2"
      href="/search"
    >
      <div
        className="c3"
      >
        <span
          className="c4"
        >
          <img
            alt=""
            className="c5"
            src="file-mock"
          />
        </span>
        <span
          className="c6"
        >
          Search
        </span>
      </div>
    </a>
  </li>
</ul>
`;
