// Jest Snapshot v1, https://goo.gl/fbAQLP

exports[`NavigationItem renders 1`] = `
.c1 {
  display: block;
  width: 50px;
  height: 50px;
  -webkit-flex: 0 0 auto;
  -ms-flex: 0 0 auto;
  flex: 0 0 auto;
  padding: 10px;
}

.c2 {
  display: block;
  width: 100%;
}

.c0 {
  display: -webkit-box;
  display: -webkit-flex;
  display: -ms-flexbox;
  display: flex;
  -webkit-flex: 1;
  -ms-flex: 1;
  flex: 1;
  -webkit-align-items: center;
  -webkit-box-align: center;
  -ms-flex-align: center;
  align-items: center;
}

.c3 {
  -webkit-flex: 1;
  -ms-flex: 1;
  flex: 1;
  margin: 0 10px;
}

<div
  className="c0"
>
  <span
    className="c1"
  >
    <img
      alt=""
      className="c2"
      src="home"
    />
  </span>
  <span
    className="c3"
  >
    Home
  </span>
</div>
`;
