// Jest Snapshot v1, https://goo.gl/fbAQLP

exports[`Root renders 1`] = `
<div
  className="Root-jeRvMr bIyazM"
/>
`;
