// Jest Snapshot v1, https://goo.gl/fbAQLP

exports[`App renders 1`] = `
<styled.div>
  <Navigation />
  <styled.main>
    foo
  </styled.main>
</styled.div>
`;
