// Jest Snapshot v1, https://goo.gl/fbAQLP

exports[`Games renders 1`] = `
<Connect(GridOfGames)
  columns={5}
  limit={20}
  title="Top Games"
/>
`;
