// Jest Snapshot v1, https://goo.gl/fbAQLP

exports[`Home renders 1`] = `
<div>
  <Connect(GridOfStreams)
    columns={5}
    limit={5}
    title="Top Streams"
  />
  <Connect(GridOfGames)
    columns={5}
    limit={10}
    title="Top Games"
  />
</div>
`;
