// Jest Snapshot v1, https://goo.gl/fbAQLP

exports[`ScrollToTop renders 1`] = `
<Route
  render={[Function]}
/>
`;
